==== default_command_to_open_uri 
---- It "s:default_command_to_open_uri()" 
.

==== normalize_search_engine_name 
---- It "s:normalize_search_engine_name()" 
.......

==== uri_escape 
---- It "s:uri_escape()" 
................................................................................................................................................................................................................................................................

==== uri_to_search 
---- It "s:uri_to_search()" 
...

==== wwwsearch_add 
---- It "wwwsearch#add()" 
......

==== wwwsearch_cmd_Wwwsearch 
---- It "wwwsearch#cmd_Wwwsearch()" 

You have to set g:wwwsearch_command_to_open_uri.
See :help g:wwwsearch_command_to_open_uri for the details.
You have to set g:wwwsearch_command_to_open_uri.
See :help g:wwwsearch_command_to_open_uri for the details
You have to set g:wwwsearch_command_to_open_uri.
See :help g:wwwsearch_command_to_open_uri for the details.
You have to set g:wwwsearch_command_to_open_uri.
See :help g:wwwsearch_command_to_open_uri for the details
You have to set g:wwwsearch_command_to_open_uri.
See :help g:wwwsearch_command_to_open_uri for the details.
You have to set g:wwwsearch_command_to_open_uri.
See :help g:wwwsearch_command_to_open_uri for the detailshttp://www.google.com/search?q=keyword4
.http://www.google.com/search?q=keyword4
http://www.google.com/search?q=keyword5
.http://www.google.com/search?q=keyword5

.
http://www.google.com/search?q=%7Bkeyword7%7D
.http://www.google.com/search?q=%7Bkeyword7%7D
http://www.google.com/search?q=%7Bkeyword8%7D
.http://www.google.com/search?q=%7Bkeyword8%7D

.


==== wwwsearch_cmd_Wwwsearch_complete 
---- It "wwwsearch#cmd_Wwwsearch_complete()" 
.

==== wwwsearch_operator_default 
---- It "wwwsearch#operator_default()" 
..
You have to set g:wwwsearch_command_to_open_uri.
See :help g:wwwsearch_command_to_open_uri for the details.You have to set g:wwwsearch_command_to_open_uri.
See :help g:wwwsearch_command_to_open_uri for the details..
You have to set g:wwwsearch_command_to_open_uri.
See :help g:wwwsearch_command_to_open_uri for the details.You have to set g:wwwsearch_command_to_open_uri.
See :help g:wwwsearch_command_to_open_uri for the details..
You have to set g:wwwsearch_command_to_open_uri.
See :help g:wwwsearch_command_to_open_uri for the details.You have to set g:wwwsearch_command_to_open_uri.
See :help g:wwwsearch_command_to_open_uri for the details..http://www.google.com/search?q=%7Bkeyword%7D
.http://www.google.com/search?q=%7Bkeyword%7D
..http://www.google.com/search?q=before%20%7Bkeyword%7D%20after%0A
.http://www.google.com/search?q=before%20%7Bkeyword%7D%20after%0A
..http://www.google.com/search?q=%7Bkeyword%7D
.http://www.google.com/search?q=%7Bkeyword%7D


==== wwwsearch_remove 
---- It "wwwsearch#remove()" 
....

==== wwwsearch_search 
---- It "wwwsearch#search()" 

You have to set g:wwwsearch_command_to_open_uri.
See :help g:wwwsearch_command_to_open_uri for the details.
You have to set g:wwwsearch_command_to_open_uri.
See :help g:wwwsearch_command_to_open_uri for the details.
You have to set g:wwwsearch_command_to_open_uri.
See :help g:wwwsearch_command_to_open_uri for the details.http://www.google.com/search?q=keyword
.http://www.google.com/search?q=keyword
.
.http://www.google.com/search?q=%7Bkeyword%7D
.http://www.google.com/search?q=%7Bkeyword%7D
.
.



**** Result ****


314 examples, 0 failures
